{
	"data": [
		{
			"id": 2,
			"name": "build-pipeline",
			"catalog": {
				"id": 1,
				"name": "catalog-official",
				"type": "official"
			},
			"categories": [
				{
					"id": 2,
					"name": "abc"
				}
			],
			"kind": "pipeline",
			"hubURLPath": "catalog-official/pipeline/build-pipeline",
			"latestVersion": {
				"id": 4,
				"version": "0.2",
				"displayName": "Build",
				"description": "Desc2",
				"minPipelinesVersion": "0.12.1",
				"rawURL": "https://raw.githubusercontent.com/Pipelines-Marketplace/catalog/master/task/build/0.2/build.yaml",
				"webURL": "https://github.com/Pipelines-Marketplace/catalog/tree/master/task/build/0.2/build.yaml",
				"hubURLPath": "catalog-official/pipeline/build-pipeline/0.2",
				"updatedAt": "2013-01-01T00:00:01Z",
				"platforms": [
					{
						"id": 1,
						"name": "linux/amd64"
					}
				]
			},
			"tags": [
				{
					"id": 4,
					"name": "atag"
				},
				{
					"id": 1,
					"name": "ztag"
				}
			],
			"platforms": [
				{
					"id": 1,
					"name": "linux/amd64"
				},
				{
					"id": 4,
					"name": "linux/ppc64le"
				}
			],
			"rating": 4.4
		},
		{
			"id": 4,
			"name": "buildah",
			"catalog": {
				"id": 1,
				"name": "catalog-official",
				"type": "official"
			},
			"categories": [
				{
					"id": 2,
					"name": "abc"
				}
			],
			"kind": "task",
			"hubURLPath": "catalog-official/task/buildah",
			"latestVersion": {
				"id": 7,
				"version": "0.1",
				"displayName": "Buildah",
				"description": "Desc4",
				"minPipelinesVersion": "0.12.1",
				"rawURL": "https://raw.githubusercontent.com/Pipelines-Marketplace/catalog/master/task/buildah/0.1/buildah.yaml",
				"webURL": "https://github.com/Pipelines-Marketplace/catalog/tree/master/task/buildah/0.1/buildah.yaml",
				"hubURLPath": "catalog-official/task/buildah/0.1",
				"updatedAt": "2013-01-01T00:00:01Z",
				"platforms": [
					{
						"id": 2,
						"name": "linux/s390x"
					}
				]
			},
			"tags": [
				{
					"id": 1,
					"name": "ztag"
				}
			],
			"platforms": [
				{
					"id": 1,
					"name": "linux/amd64"
				}
			],
			"rating": 1.3
		}
	]
}
