[
	{
		"id": 1,
		"name": "tekton",
		"catalog": {
			"id": 1,
			"name": "catalog-official",
			"type": "official"
		},
		"kind": "task",
		"latestVersion": {
			"id": 5,
			"version": "0.2",
			"displayName": "Tekton CLI",
			"description": "Desc1",
			"minPipelinesVersion": "0.12.1",
			"rawURL": "https://raw.githubusercontent.com/Pipelines-Marketplace/catalog/master/task/tekton/0.2/tekton.yaml",
			"webURL": "https://github.com/Pipelines-Marketplace/catalog/tree/master/task/tekton/0.2/tekton.yaml",
			"updatedAt": "2016-01-01 12:30:12 +0000 UTC"
		},
		"tags": [
			{
				"id": 2,
				"name": "rtag"
			}
		],
		"rating": 5
	},
	{
		"id": 5,
		"name": "tkn",
		"catalog": {
			"id": 1,
			"name": "catalog-official",
			"type": "official"
		},
		"kind": "task",
		"latestVersion": {
			"id": 8,
			"version": "0.1",
			"displayName": "Tkn CLI",
			"description": "Desc5",
			"minPipelinesVersion": "0.12.1",
			"rawURL": "https://raw.githubusercontent.com/Pipelines-Marketplace/catalog/master/task/tkn/0.1/tkn.yaml",
			"webURL": "https://github.com/Pipelines-Marketplace/catalog/tree/master/task/tkn/0.1/tkn.yaml",
			"updatedAt": "2016-01-01 12:30:12 +0000 UTC"
		},
		"tags": [
			{
				"id": 2,
				"name": "rtag"
			}
		],
		"rating": 5
	},
	{
		"id": 7,
		"name": "tkn-hub",
		"catalog": {
			"id": 1,
			"name": "catalog-official",
			"type": "official"
		},
		"kind": "task",
		"latestVersion": {
			"id": 10,
			"version": "0.1",
			"displayName": "Tkn Hub",
			"description": "Desc7",
			"minPipelinesVersion": "0.12.1",
			"rawURL": "https://raw.githubusercontent.com/Pipelines-Marketplace/catalog-community/master/task/tkn-hub/0.1/tkn-hub.yaml",
			"webURL": "https://github.com/Pipelines-Marketplace/catalog-community/tree/master/task/tkn-hub/0.1/tkn-hub.yaml",
			"updatedAt": "2016-01-01 12:30:12 +0000 UTC"
		},
		"tags": [
			{
				"id": 2,
				"name": "rtag"
			}
		],
		"rating": 5
	},
	{
		"id": 2,
		"name": "build-pipeline",
		"catalog": {
			"id": 1,
			"name": "catalog-official",
			"type": "official"
		},
		"kind": "pipeline",
		"latestVersion": {
			"id": 4,
			"version": "0.2",
			"displayName": "Build",
			"description": "Desc2",
			"minPipelinesVersion": "0.12.1",
			"rawURL": "https://raw.githubusercontent.com/Pipelines-Marketplace/catalog/master/task/build/0.2/build.yaml",
			"webURL": "https://github.com/Pipelines-Marketplace/catalog/tree/master/task/build/0.2/build.yaml",
			"updatedAt": "2016-01-01 12:30:12 +0000 UTC"
		},
		"tags": [
			{
				"id": 4,
				"name": "atag"
			},
			{
				"id": 1,
				"name": "ztag"
			}
		],
		"rating": 4.4
	},
	{
		"id": 6,
		"name": "img",
		"catalog": {
			"id": 2,
			"name": "catalog-community",
			"type": "community"
		},
		"kind": "task",
		"latestVersion": {
			"id": 9,
			"version": "0.1",
			"displayName": "Image",
			"description": "Desc3",
			"minPipelinesVersion": "0.12.1",
			"rawURL": "https://raw.githubusercontent.com/Pipelines-Marketplace/catalog-community/master/task/img/0.1/img.yaml",
			"webURL": "https://github.com/Pipelines-Marketplace/catalog-community/tree/master/task/img/0.1/img.yaml",
			"updatedAt": "2016-01-01 12:30:12 +0000 UTC"
		},
		"tags": null,
		"rating": 2.3
	},
	{
		"id": 3,
		"name": "img",
		"catalog": {
			"id": 1,
			"name": "catalog-official",
			"type": "official"
		},
		"kind": "task",
		"latestVersion": {
			"id": 3,
			"version": "0.1",
			"displayName": "Image",
			"description": "Desc3",
			"minPipelinesVersion": "0.12.1",
			"rawURL": "https://raw.githubusercontent.com/Pipelines-Marketplace/catalog/master/task/img/0.1/img.yaml",
			"webURL": "https://github.com/Pipelines-Marketplace/catalog/tree/master/task/img/0.1/img.yaml",
			"updatedAt": "2016-01-01 12:30:12 +0000 UTC"
		},
		"tags": [
			{
				"id": 3,
				"name": "ptag"
			}
		],
		"rating": 2
	},
	{
		"id": 4,
		"name": "buildah",
		"catalog": {
			"id": 1,
			"name": "catalog-official",
			"type": "official"
		},
		"kind": "task",
		"latestVersion": {
			"id": 7,
			"version": "0.1",
			"displayName": "Buildah",
			"description": "Desc4",
			"minPipelinesVersion": "0.12.1",
			"rawURL": "https://raw.githubusercontent.com/Pipelines-Marketplace/catalog/master/task/buildah/0.1/buildah.yaml",
			"webURL": "https://github.com/Pipelines-Marketplace/catalog/tree/master/task/buildah/0.1/buildah.yaml",
			"updatedAt": "2016-01-01 12:30:12 +0000 UTC"
		},
		"tags": [
			{
				"id": 1,
				"name": "ztag"
			}
		],
		"rating": 1.3
	}
]
