// Jest Snapshot v1, https://goo.gl/fbAQLP

exports[`PlatformFilter finds the filter component and matches the count 1`] = `
"<Provider>
   
  <Memo()>
    <Memo() store={{...}} header=\\"Platform\\">
      <div>
        <Grid>
          <div className=\\"pf-l-grid\\" style={[undefined]}>
            <GridItem span={6}>
              <div className=\\"pf-l-grid__item pf-m-6-col\\" style={[undefined]}>
                <Text component=\\"h1\\" className=\\"hub-filter-header\\">
                  <h1 data-ouia-component-type=\\"PF4/Text\\" data-ouia-safe={true} data-ouia-component-id=\\"OUIA-Generated-Text-1\\" data-pf-content={true} className=\\"hub-filter-header\\">
                    Platform
                  </h1>
                </Text>
              </div>
            </GridItem>
            <GridItem span={3}>
              <div className=\\"pf-l-grid__item pf-m-3-col\\" style={[undefined]}>
                <Button variant=\\"plain\\" aria-label=\\"Clear\\" onClick={[Function: res] { _isMSTAction: true }}>
                  <ButtonBase innerRef={{...}} variant=\\"plain\\" aria-label=\\"Clear\\" onClick={[Function: res] { _isMSTAction: true }}>
                    <button onClick={[Function: res] { _isMSTAction: true }} aria-disabled={false} aria-label=\\"Clear\\" className=\\"pf-c-button pf-m-plain\\" disabled={false} tabIndex={[undefined]} type=\\"button\\" role={{...}} data-ouia-component-type=\\"PF4/Button\\" data-ouia-safe={true} data-ouia-component-id=\\"OUIA-Generated-Button-plain-1\\">
                      <TimesIcon color=\\"currentColor\\" size=\\"sm\\" noVerticalAlign={false}>
                        <svg style={{...}} fill=\\"currentColor\\" height=\\"1em\\" width=\\"1em\\" viewBox=\\"0 0 352 512\\" aria-labelledby={{...}} aria-hidden={true} role=\\"img\\">
                          <path d=\\"M242.72 256l100.07-100.07c12.28-12.28 12.28-32.19 0-44.48l-22.24-22.24c-12.28-12.28-32.19-12.28-44.48 0L176 189.28 75.93 89.21c-12.28-12.28-32.19-12.28-44.48 0L9.21 111.45c-12.28 12.28-12.28 32.19 0 44.48L109.28 256 9.21 356.07c-12.28 12.28-12.28 32.19 0 44.48l22.24 22.24c12.28 12.28 32.2 12.28 44.48 0L176 322.72l100.07 100.07c12.28 12.28 32.2 12.28 44.48 0l22.24-22.24c12.28-12.28 12.28-32.19 0-44.48L242.72 256z\\" />
                        </svg>
                      </TimesIcon>
                    </button>
                  </ButtonBase>
                </Button>
              </div>
            </GridItem>
            <GridItem span={12}>
              <div className=\\"pf-l-grid__item pf-m-12-col\\" style={[undefined]}>
                <Checkbox className=\\"hub-filter-checkbox\\" label={{...}} isChecked={false} onChange={[Function: onChange]} aria-label=\\"controlled checkbox\\" id=\\"linux/amd64\\" name=\\"linux/amd64\\" isValid={true} isDisabled={false} isRequired={false} ouiaSafe={true} component=\\"div\\">
                  <div className=\\"pf-c-check hub-filter-checkbox\\">
                    <input id=\\"linux/amd64\\" name=\\"linux/amd64\\" className=\\"pf-c-check__input\\" type=\\"checkbox\\" onChange={[Function (anonymous)]} aria-invalid={false} aria-label=\\"controlled checkbox\\" disabled={false} required={false} checked={false} data-ouia-component-type=\\"PF4/Checkbox\\" data-ouia-safe={true} data-ouia-component-id=\\"OUIA-Generated-Checkbox-1\\" />
                    <label className=\\"pf-c-check__label\\" htmlFor=\\"linux/amd64\\">
                      <div>
                        Linux/amd64
                      </div>
                    </label>
                  </div>
                </Checkbox>
                <Checkbox className=\\"hub-filter-checkbox\\" label={{...}} isChecked={false} onChange={[Function: onChange]} aria-label=\\"controlled checkbox\\" id=\\"linux/arm64\\" name=\\"linux/arm64\\" isValid={true} isDisabled={false} isRequired={false} ouiaSafe={true} component=\\"div\\">
                  <div className=\\"pf-c-check hub-filter-checkbox\\">
                    <input id=\\"linux/arm64\\" name=\\"linux/arm64\\" className=\\"pf-c-check__input\\" type=\\"checkbox\\" onChange={[Function (anonymous)]} aria-invalid={false} aria-label=\\"controlled checkbox\\" disabled={false} required={false} checked={false} data-ouia-component-type=\\"PF4/Checkbox\\" data-ouia-safe={true} data-ouia-component-id=\\"OUIA-Generated-Checkbox-2\\" />
                    <label className=\\"pf-c-check__label\\" htmlFor=\\"linux/arm64\\">
                      <div>
                        Linux/arm64
                      </div>
                    </label>
                  </div>
                </Checkbox>
                <Checkbox className=\\"hub-filter-checkbox\\" label={{...}} isChecked={false} onChange={[Function: onChange]} aria-label=\\"controlled checkbox\\" id=\\"linux/ppc64le\\" name=\\"linux/ppc64le\\" isValid={true} isDisabled={false} isRequired={false} ouiaSafe={true} component=\\"div\\">
                  <div className=\\"pf-c-check hub-filter-checkbox\\">
                    <input id=\\"linux/ppc64le\\" name=\\"linux/ppc64le\\" className=\\"pf-c-check__input\\" type=\\"checkbox\\" onChange={[Function (anonymous)]} aria-invalid={false} aria-label=\\"controlled checkbox\\" disabled={false} required={false} checked={false} data-ouia-component-type=\\"PF4/Checkbox\\" data-ouia-safe={true} data-ouia-component-id=\\"OUIA-Generated-Checkbox-3\\" />
                    <label className=\\"pf-c-check__label\\" htmlFor=\\"linux/ppc64le\\">
                      <div>
                        Linux/ppc64le
                      </div>
                    </label>
                  </div>
                </Checkbox>
                <Checkbox className=\\"hub-filter-checkbox\\" label={{...}} isChecked={false} onChange={[Function: onChange]} aria-label=\\"controlled checkbox\\" id=\\"linux/s390x\\" name=\\"linux/s390x\\" isValid={true} isDisabled={false} isRequired={false} ouiaSafe={true} component=\\"div\\">
                  <div className=\\"pf-c-check hub-filter-checkbox\\">
                    <input id=\\"linux/s390x\\" name=\\"linux/s390x\\" className=\\"pf-c-check__input\\" type=\\"checkbox\\" onChange={[Function (anonymous)]} aria-invalid={false} aria-label=\\"controlled checkbox\\" disabled={false} required={false} checked={false} data-ouia-component-type=\\"PF4/Checkbox\\" data-ouia-safe={true} data-ouia-component-id=\\"OUIA-Generated-Checkbox-4\\" />
                    <label className=\\"pf-c-check__label\\" htmlFor=\\"linux/s390x\\">
                      <div>
                        Linux/s390x
                      </div>
                    </label>
                  </div>
                </Checkbox>
              </div>
            </GridItem>
          </div>
        </Grid>
      </div>
    </Memo()>
  </Memo()>
   
</Provider>"
`;
