{
	"data": {
		"id": 1,
		"name": "tekton",
		"catalog": {
			"id": 1,
			"name": "catalog-official",
			"type": "official"
		},
		"kind": "task",
		"latestVersion": {
			"id": 1,
			"version": "0.1",
			"displayName": "Tekton CLI",
			"description": "Desc1",
			"minPipelinesVersion": "0.12.1",
			"rawURL": "https://raw.githubusercontent.com/Pipelines-Marketplace/catalog/master/task/tekton/0.1/tekton.yaml",
			"webURL": "https://github.com/Pipelines-Marketplace/catalog/tree/master/task/tekton/0.1/tekton.yaml",
			"updatedAt": "2013-01-01T00:00:01Z"
		},
		"tags": [
			{
				"id": 2,
				"name": "rtag"
			}
		],
		"rating": 5,
		"versions": [
			{
				"id": 1,
				"version": "0.1"
			}
		]
	}
}
