Upgrades Available

No task for upgrade

Skipped Resources

NAME
âˆ™ foo
