Upgrades Available

NAME   CATALOG   CURRENT_VERSION   LATEST_COMPATIBLE_VERSION
foo    Tekton    0.1               0.2

Skipped Resources

NAME
âˆ™ foo-bar
