// Jest Snapshot v1, https://goo.gl/fbAQLP

exports[`CategoryFilter finds the filter component and matches the count 1`] = `
"<Provider>
   
  <CategoryFilter>
    <Filter store={{...}} header=\\"Category\\">
      <div>
        <Grid>
          <div className=\\"pf-l-grid\\">
            <GridItem span={6}>
              <div className=\\"pf-l-grid__item pf-m-6-col\\">
                <Text component=\\"h1\\" className=\\"hub-filter-header\\">
                  <h1 data-pf-content={true} className=\\"hub-filter-header\\">
                    Category
                  </h1>
                </Text>
              </div>
            </GridItem>
            <GridItem span={3}>
              <div className=\\"pf-l-grid__item pf-m-3-col\\">
                <Button variant=\\"plain\\" aria-label=\\"Clear\\" onClick={[Function: res]}>
                  <button onClick={[Function: res]} aria-disabled={false} aria-label=\\"Clear\\" className=\\"pf-c-button pf-m-plain\\" disabled={false} tabIndex={[undefined]} type=\\"button\\" data-ouia-component-type=\\"PF4/Button\\" data-ouia-safe={true} data-ouia-component-id={1}>
                    <TimesIcon color=\\"currentColor\\" size=\\"sm\\" noVerticalAlign={false}>
                      <svg style={{...}} fill=\\"currentColor\\" height=\\"1em\\" width=\\"1em\\" viewBox=\\"0 0 352 512\\" aria-labelledby={{...}} aria-hidden={true} role=\\"img\\">
                        <path d=\\"M242.72 256l100.07-100.07c12.28-12.28 12.28-32.19 0-44.48l-22.24-22.24c-12.28-12.28-32.19-12.28-44.48 0L176 189.28 75.93 89.21c-12.28-12.28-32.19-12.28-44.48 0L9.21 111.45c-12.28 12.28-12.28 32.19 0 44.48L109.28 256 9.21 356.07c-12.28 12.28-12.28 32.19 0 44.48l22.24 22.24c12.28 12.28 32.2 12.28 44.48 0L176 322.72l100.07 100.07c12.28 12.28 32.2 12.28 44.48 0l22.24-22.24c12.28-12.28 12.28-32.19 0-44.48L242.72 256z\\" transform=\\"\\" />
                      </svg>
                    </TimesIcon>
                  </button>
                </Button>
              </div>
            </GridItem>
            <GridItem span={12}>
              <div className=\\"pf-l-grid__item pf-m-12-col\\">
                <Checkbox label={{...}} isChecked={false} onChange={[Function: onChange]} aria-label=\\"controlled checkbox\\" id=\\"1\\" name=\\"Build Tools\\" className=\\"\\" isValid={true} isDisabled={false}>
                  <div className=\\"pf-c-check\\">
                    <input id=\\"1\\" name=\\"Build Tools\\" className=\\"pf-c-check__input\\" type=\\"checkbox\\" onChange={[Function (anonymous)]} aria-invalid={false} aria-label=\\"controlled checkbox\\" disabled={false} checked={false} />
                    <label className=\\"pf-c-check__label\\" htmlFor=\\"1\\">
                      <div>
                        Build Tools
                      </div>
                    </label>
                  </div>
                </Checkbox>
                <Checkbox label={{...}} isChecked={false} onChange={[Function: onChange]} aria-label=\\"controlled checkbox\\" id=\\"2\\" name=\\"CLI\\" className=\\"\\" isValid={true} isDisabled={false}>
                  <div className=\\"pf-c-check\\">
                    <input id=\\"2\\" name=\\"CLI\\" className=\\"pf-c-check__input\\" type=\\"checkbox\\" onChange={[Function (anonymous)]} aria-invalid={false} aria-label=\\"controlled checkbox\\" disabled={false} checked={false} />
                    <label className=\\"pf-c-check__label\\" htmlFor=\\"2\\">
                      <div>
                        Cli
                      </div>
                    </label>
                  </div>
                </Checkbox>
                <Checkbox label={{...}} isChecked={false} onChange={[Function: onChange]} aria-label=\\"controlled checkbox\\" id=\\"3\\" name=\\"Cloud\\" className=\\"\\" isValid={true} isDisabled={false}>
                  <div className=\\"pf-c-check\\">
                    <input id=\\"3\\" name=\\"Cloud\\" className=\\"pf-c-check__input\\" type=\\"checkbox\\" onChange={[Function (anonymous)]} aria-invalid={false} aria-label=\\"controlled checkbox\\" disabled={false} checked={false} />
                    <label className=\\"pf-c-check__label\\" htmlFor=\\"3\\">
                      <div>
                        Cloud
                      </div>
                    </label>
                  </div>
                </Checkbox>
                <Checkbox label={{...}} isChecked={false} onChange={[Function: onChange]} aria-label=\\"controlled checkbox\\" id=\\"4\\" name=\\"Deploy\\" className=\\"\\" isValid={true} isDisabled={false}>
                  <div className=\\"pf-c-check\\">
                    <input id=\\"4\\" name=\\"Deploy\\" className=\\"pf-c-check__input\\" type=\\"checkbox\\" onChange={[Function (anonymous)]} aria-invalid={false} aria-label=\\"controlled checkbox\\" disabled={false} checked={false} />
                    <label className=\\"pf-c-check__label\\" htmlFor=\\"4\\">
                      <div>
                        Deploy
                      </div>
                    </label>
                  </div>
                </Checkbox>
                <Checkbox label={{...}} isChecked={false} onChange={[Function: onChange]} aria-label=\\"controlled checkbox\\" id=\\"5\\" name=\\"Image Build\\" className=\\"\\" isValid={true} isDisabled={false}>
                  <div className=\\"pf-c-check\\">
                    <input id=\\"5\\" name=\\"Image Build\\" className=\\"pf-c-check__input\\" type=\\"checkbox\\" onChange={[Function (anonymous)]} aria-invalid={false} aria-label=\\"controlled checkbox\\" disabled={false} checked={false} />
                    <label className=\\"pf-c-check__label\\" htmlFor=\\"5\\">
                      <div>
                        Image Build
                      </div>
                    </label>
                  </div>
                </Checkbox>
              </div>
            </GridItem>
          </div>
        </Grid>
      </div>
    </Filter>
  </CategoryFilter>
   
</Provider>"
`;
