// Jest Snapshot v1, https://goo.gl/fbAQLP

exports[`Store functions creates a catalog store 1`] = `
Object {
  "items": Object {
    "1": Object {
      "id": 1,
      "name": "tekton",
      "selected": false,
      "type": "community",
    },
    "2": Object {
      "id": 2,
      "name": "tekton-hub",
      "selected": false,
      "type": "official",
    },
  },
}
`;

exports[`Store functions creates a kind store 1`] = `
Object {
  "items": Object {
    "Pipeline": Object {
      "name": "Pipeline",
      "selected": false,
    },
    "Task": Object {
      "name": "Task",
      "selected": false,
    },
  },
}
`;

exports[`Store functions creates a resource store 1`] = `
Object {
  "ansible-runner": Object {
    "catalog": 1,
    "displayName": "Ansible Runner",
    "displayVersion": 1,
    "id": 1,
    "kind": "Task",
    "latestVersion": 1,
    "name": "ansible-runner",
    "rating": 4.5,
    "tags": Array [
      2,
    ],
    "versions": Array [
      1,
    ],
  },
  "aws-cli": Object {
    "catalog": 1,
    "displayName": "aws cli",
    "displayVersion": 4,
    "id": 4,
    "kind": "Task",
    "latestVersion": 4,
    "name": "aws-cli",
    "rating": 5,
    "tags": Array [
      2,
    ],
    "versions": Array [
      4,
    ],
  },
  "buildah": Object {
    "catalog": 1,
    "displayName": "",
    "displayVersion": 105,
    "id": 13,
    "kind": "Task",
    "latestVersion": 105,
    "name": "buildah",
    "rating": 4,
    "tags": Array [
      8,
    ],
    "versions": Array [
      105,
    ],
  },
  "golang-build": Object {
    "catalog": 1,
    "displayName": "golang build",
    "displayVersion": 47,
    "id": 44,
    "kind": "Task",
    "latestVersion": 47,
    "name": "golang-build",
    "rating": 5,
    "tags": Array [
      1,
    ],
    "versions": Array [
      47,
    ],
  },
  "hub": Object {
    "catalog": 2,
    "displayName": "Hub Pipeline",
    "displayVersion": 1,
    "id": 10,
    "kind": "Pipeline",
    "latestVersion": 1,
    "name": "hub",
    "rating": 4.5,
    "tags": Array [
      10,
    ],
    "versions": Array [
      1,
    ],
  },
  "jenkins": Object {
    "catalog": 1,
    "displayName": "jenkins operation",
    "displayVersion": 104,
    "id": 98,
    "kind": "Task",
    "latestVersion": 104,
    "name": "jenkins",
    "rating": 5,
    "tags": Array [
      57,
      56,
    ],
    "versions": Array [
      104,
    ],
  },
  "jib-maven": Object {
    "catalog": 1,
    "displayName": "jib maven",
    "displayVersion": 57,
    "id": 54,
    "kind": "Task",
    "latestVersion": 57,
    "name": "jib-maven",
    "rating": 5,
    "tags": Array [
      8,
    ],
    "versions": Array [
      57,
    ],
  },
}
`;

exports[`Store functions fetch 0.1 version details for buildah resource 1`] = `
Object {
  "ansible-runner": Object {
    "catalog": 1,
    "displayName": "Ansible Runner",
    "displayVersion": 1,
    "id": 1,
    "kind": "Task",
    "latestVersion": 1,
    "name": "ansible-runner",
    "rating": 4.5,
    "tags": Array [
      2,
    ],
    "versions": Array [
      1,
    ],
  },
  "aws-cli": Object {
    "catalog": 1,
    "displayName": "aws cli",
    "displayVersion": 4,
    "id": 4,
    "kind": "Task",
    "latestVersion": 4,
    "name": "aws-cli",
    "rating": 5,
    "tags": Array [
      2,
    ],
    "versions": Array [
      4,
    ],
  },
  "buildah": Object {
    "catalog": 1,
    "displayName": "",
    "displayVersion": 105,
    "id": 13,
    "kind": "Task",
    "latestVersion": 105,
    "name": "buildah",
    "rating": 4,
    "tags": Array [
      8,
    ],
    "versions": Array [
      105,
    ],
  },
  "golang-build": Object {
    "catalog": 1,
    "displayName": "golang build",
    "displayVersion": 47,
    "id": 44,
    "kind": "Task",
    "latestVersion": 47,
    "name": "golang-build",
    "rating": 5,
    "tags": Array [
      1,
    ],
    "versions": Array [
      47,
    ],
  },
  "hub": Object {
    "catalog": 2,
    "displayName": "Hub Pipeline",
    "displayVersion": 1,
    "id": 10,
    "kind": "Pipeline",
    "latestVersion": 1,
    "name": "hub",
    "rating": 4.5,
    "tags": Array [
      10,
    ],
    "versions": Array [
      1,
    ],
  },
  "jenkins": Object {
    "catalog": 1,
    "displayName": "jenkins operation",
    "displayVersion": 104,
    "id": 98,
    "kind": "Task",
    "latestVersion": 104,
    "name": "jenkins",
    "rating": 5,
    "tags": Array [
      57,
      56,
    ],
    "versions": Array [
      104,
    ],
  },
  "jib-maven": Object {
    "catalog": 1,
    "displayName": "jib maven",
    "displayVersion": 57,
    "id": 54,
    "kind": "Task",
    "latestVersion": 57,
    "name": "jib-maven",
    "rating": 5,
    "tags": Array [
      8,
    ],
    "versions": Array [
      57,
    ],
  },
}
`;

exports[`Store functions makes sure to not add duplicate resources 1`] = `
Object {
  "ansible-runner": Object {
    "catalog": 1,
    "displayName": "Ansible Runner",
    "displayVersion": 1,
    "id": 1,
    "kind": "Task",
    "latestVersion": 1,
    "name": "ansible-runner",
    "rating": 4.5,
    "tags": Array [
      2,
    ],
    "versions": Array [
      1,
    ],
  },
  "aws-cli": Object {
    "catalog": 1,
    "displayName": "aws cli",
    "displayVersion": 4,
    "id": 4,
    "kind": "Task",
    "latestVersion": 4,
    "name": "aws-cli",
    "rating": 5,
    "tags": Array [
      2,
    ],
    "versions": Array [
      4,
    ],
  },
  "buildah": Object {
    "catalog": 1,
    "displayName": "",
    "displayVersion": 105,
    "id": 13,
    "kind": "Task",
    "latestVersion": 105,
    "name": "buildah",
    "rating": 4,
    "tags": Array [
      8,
    ],
    "versions": Array [
      105,
    ],
  },
  "golang-build": Object {
    "catalog": 1,
    "displayName": "golang build",
    "displayVersion": 47,
    "id": 44,
    "kind": "Task",
    "latestVersion": 47,
    "name": "golang-build",
    "rating": 5,
    "tags": Array [
      1,
    ],
    "versions": Array [
      47,
    ],
  },
  "hub": Object {
    "catalog": 2,
    "displayName": "Hub Pipeline",
    "displayVersion": 1,
    "id": 10,
    "kind": "Pipeline",
    "latestVersion": 1,
    "name": "hub",
    "rating": 4.5,
    "tags": Array [
      10,
    ],
    "versions": Array [
      1,
    ],
  },
  "jenkins": Object {
    "catalog": 1,
    "displayName": "jenkins operation",
    "displayVersion": 104,
    "id": 98,
    "kind": "Task",
    "latestVersion": 104,
    "name": "jenkins",
    "rating": 5,
    "tags": Array [
      57,
      56,
    ],
    "versions": Array [
      104,
    ],
  },
  "jib-maven": Object {
    "catalog": 1,
    "displayName": "jib maven",
    "displayVersion": 57,
    "id": 54,
    "kind": "Task",
    "latestVersion": 57,
    "name": "jib-maven",
    "rating": 5,
    "tags": Array [
      8,
    ],
    "versions": Array [
      57,
    ],
  },
}
`;

exports[`Store functions set 0.1 as display version for buildah 1`] = `
Object {
  "ansible-runner": Object {
    "catalog": 1,
    "displayName": "Ansible Runner",
    "displayVersion": 1,
    "id": 1,
    "kind": "Task",
    "latestVersion": 1,
    "name": "ansible-runner",
    "rating": 4.5,
    "tags": Array [
      2,
    ],
    "versions": Array [
      1,
    ],
  },
  "aws-cli": Object {
    "catalog": 1,
    "displayName": "aws cli",
    "displayVersion": 4,
    "id": 4,
    "kind": "Task",
    "latestVersion": 4,
    "name": "aws-cli",
    "rating": 5,
    "tags": Array [
      2,
    ],
    "versions": Array [
      4,
    ],
  },
  "buildah": Object {
    "catalog": 1,
    "displayName": "",
    "displayVersion": 105,
    "id": 13,
    "kind": "Task",
    "latestVersion": 105,
    "name": "buildah",
    "rating": 4,
    "tags": Array [
      8,
    ],
    "versions": Array [
      105,
    ],
  },
  "golang-build": Object {
    "catalog": 1,
    "displayName": "golang build",
    "displayVersion": 47,
    "id": 44,
    "kind": "Task",
    "latestVersion": 47,
    "name": "golang-build",
    "rating": 5,
    "tags": Array [
      1,
    ],
    "versions": Array [
      47,
    ],
  },
  "hub": Object {
    "catalog": 2,
    "displayName": "Hub Pipeline",
    "displayVersion": 1,
    "id": 10,
    "kind": "Pipeline",
    "latestVersion": 1,
    "name": "hub",
    "rating": 4.5,
    "tags": Array [
      10,
    ],
    "versions": Array [
      1,
    ],
  },
  "jenkins": Object {
    "catalog": 1,
    "displayName": "jenkins operation",
    "displayVersion": 104,
    "id": 98,
    "kind": "Task",
    "latestVersion": 104,
    "name": "jenkins",
    "rating": 5,
    "tags": Array [
      57,
      56,
    ],
    "versions": Array [
      104,
    ],
  },
  "jib-maven": Object {
    "catalog": 1,
    "displayName": "jib maven",
    "displayVersion": 57,
    "id": 54,
    "kind": "Task",
    "latestVersion": 57,
    "name": "jib-maven",
    "rating": 5,
    "tags": Array [
      8,
    ],
    "versions": Array [
      57,
    ],
  },
}
`;

exports[`Store functions update versions list for buildah resource 1`] = `
Object {
  "ansible-runner": Object {
    "catalog": 1,
    "displayName": "Ansible Runner",
    "displayVersion": 1,
    "id": 1,
    "kind": "Task",
    "latestVersion": 1,
    "name": "ansible-runner",
    "rating": 4.5,
    "tags": Array [
      2,
    ],
    "versions": Array [
      1,
    ],
  },
  "aws-cli": Object {
    "catalog": 1,
    "displayName": "aws cli",
    "displayVersion": 4,
    "id": 4,
    "kind": "Task",
    "latestVersion": 4,
    "name": "aws-cli",
    "rating": 5,
    "tags": Array [
      2,
    ],
    "versions": Array [
      4,
    ],
  },
  "buildah": Object {
    "catalog": 1,
    "displayName": "",
    "displayVersion": 105,
    "id": 13,
    "kind": "Task",
    "latestVersion": 105,
    "name": "buildah",
    "rating": 4,
    "tags": Array [
      8,
    ],
    "versions": Array [
      105,
    ],
  },
  "golang-build": Object {
    "catalog": 1,
    "displayName": "golang build",
    "displayVersion": 47,
    "id": 44,
    "kind": "Task",
    "latestVersion": 47,
    "name": "golang-build",
    "rating": 5,
    "tags": Array [
      1,
    ],
    "versions": Array [
      47,
    ],
  },
  "hub": Object {
    "catalog": 2,
    "displayName": "Hub Pipeline",
    "displayVersion": 1,
    "id": 10,
    "kind": "Pipeline",
    "latestVersion": 1,
    "name": "hub",
    "rating": 4.5,
    "tags": Array [
      10,
    ],
    "versions": Array [
      1,
    ],
  },
  "jenkins": Object {
    "catalog": 1,
    "displayName": "jenkins operation",
    "displayVersion": 104,
    "id": 98,
    "kind": "Task",
    "latestVersion": 104,
    "name": "jenkins",
    "rating": 5,
    "tags": Array [
      57,
      56,
    ],
    "versions": Array [
      104,
    ],
  },
  "jib-maven": Object {
    "catalog": 1,
    "displayName": "jib maven",
    "displayVersion": 57,
    "id": 54,
    "kind": "Task",
    "latestVersion": 57,
    "name": "jib-maven",
    "rating": 5,
    "tags": Array [
      8,
    ],
    "versions": Array [
      57,
    ],
  },
}
`;
