// Jest Snapshot v1, https://goo.gl/fbAQLP

exports[`should render the footer component 1`] = `
"<Fragment>
  <Card className=\\"hub-footer-card\\">
    <Grid>
      <GridItem span={12} className=\\"hub-footer-info\\">
        <a href=\\"https://cd.foundation\\" target=\\"_\\">
          <img src=\\"https://tekton.dev/partner-logos/cdf.png?1609496430000\\" alt=\\"tekton.dev\\" />
        </a>
      </GridItem>
      <GridItem span={12} className=\\"hub-footer-info\\">
        <TextContent className=\\"hub-info-color\\">
          <Text component=\\"h3\\">
            Tekton is a
             
            <Text component=\\"a\\" href=\\"https://cd.foundation\\" target=\\"_\\">
              Continuous Delivery Foundation
            </Text>
             
            project.
          </Text>
        </TextContent>
      </GridItem>
      <GridItem span={12} className=\\"hub-logo-margin\\">
        <img src=\\"tekton.png?1609496430000\\" alt=\\"Tekton\\" className=\\"hub-logo-size\\" />
      </GridItem>
      <GridItem span={12} className=\\"hub-footer-description\\">
        <Text>
          © 
          2023
           The Linux Foundation®. All rights reserved. The Linux Foundation has registered trademarks and uses trademarks. For a list of trademarks of The Linux Foundation, please see our
           
          <Text component=\\"a\\" href=\\"https://www.linuxfoundation.org/trademark-usage/\\" target=\\"_\\">
            Trademark Usage page
          </Text>
          . Linux is a registered trademark of Linus Torvalds.
           
          <Text component=\\"a\\" href=\\"https://www.linuxfoundation.org/privacy/\\" target=\\"_\\">
            Privacy Policy
          </Text>
           
          and
           
          <Text component=\\"a\\" href=\\"https://www.linuxfoundation.org/terms/\\" target=\\"_\\">
            Terms of Use
          </Text>
           
          .
        </Text>
      </GridItem>
    </Grid>
  </Card>
</Fragment>"
`;
