// Jest Snapshot v1, https://goo.gl/fbAQLP

exports[`should render Ratings component 1`] = `
<div
  className="hub-details-rating"
>
  <form>
    <ul>
      <li
        className="hub-rate-area"
      >
        <input
          id="0-star"
          name="rating"
          type="radio"
          value="0"
        />
        <label
          htmlFor="0-star"
        >
          <svg
            aria-hidden={true}
            aria-labelledby={null}
            fill="currentColor"
            height="1em"
            role="img"
            style={
              Object {
                "verticalAlign": "-0.125em",
              }
            }
            viewBox="0 0 576 512"
            width="1em"
          >
            <path
              d="M259.3 17.8L194 150.2 47.9 171.5c-26.2 3.8-36.7 36.1-17.7 54.6l105.7 103-25 145.5c-4.5 26.3 23.2 46 46.4 33.7L288 439.6l130.7 68.7c23.2 12.2 50.9-7.4 46.4-33.7l-25-145.5 105.7-103c19-18.5 8.5-50.8-17.7-54.6L382 150.2 316.7 17.8c-11.7-23.6-45.6-23.9-57.4 0z"
              transform=""
            />
          </svg>
        </label>
      </li>
      <li
        className="hub-rate-area"
      >
        <input
          id="1-star"
          name="rating"
          type="radio"
          value="1"
        />
        <label
          htmlFor="1-star"
        >
          <svg
            aria-hidden={true}
            aria-labelledby={null}
            fill="currentColor"
            height="1em"
            role="img"
            style={
              Object {
                "verticalAlign": "-0.125em",
              }
            }
            viewBox="0 0 576 512"
            width="1em"
          >
            <path
              d="M259.3 17.8L194 150.2 47.9 171.5c-26.2 3.8-36.7 36.1-17.7 54.6l105.7 103-25 145.5c-4.5 26.3 23.2 46 46.4 33.7L288 439.6l130.7 68.7c23.2 12.2 50.9-7.4 46.4-33.7l-25-145.5 105.7-103c19-18.5 8.5-50.8-17.7-54.6L382 150.2 316.7 17.8c-11.7-23.6-45.6-23.9-57.4 0z"
              transform=""
            />
          </svg>
        </label>
      </li>
      <li
        className="hub-rate-area"
      >
        <input
          id="2-star"
          name="rating"
          type="radio"
          value="2"
        />
        <label
          htmlFor="2-star"
        >
          <svg
            aria-hidden={true}
            aria-labelledby={null}
            fill="currentColor"
            height="1em"
            role="img"
            style={
              Object {
                "verticalAlign": "-0.125em",
              }
            }
            viewBox="0 0 576 512"
            width="1em"
          >
            <path
              d="M259.3 17.8L194 150.2 47.9 171.5c-26.2 3.8-36.7 36.1-17.7 54.6l105.7 103-25 145.5c-4.5 26.3 23.2 46 46.4 33.7L288 439.6l130.7 68.7c23.2 12.2 50.9-7.4 46.4-33.7l-25-145.5 105.7-103c19-18.5 8.5-50.8-17.7-54.6L382 150.2 316.7 17.8c-11.7-23.6-45.6-23.9-57.4 0z"
              transform=""
            />
          </svg>
        </label>
      </li>
      <li
        className="hub-rate-area"
      >
        <input
          id="3-star"
          name="rating"
          type="radio"
          value="3"
        />
        <label
          htmlFor="3-star"
        >
          <svg
            aria-hidden={true}
            aria-labelledby={null}
            fill="currentColor"
            height="1em"
            role="img"
            style={
              Object {
                "verticalAlign": "-0.125em",
              }
            }
            viewBox="0 0 576 512"
            width="1em"
          >
            <path
              d="M259.3 17.8L194 150.2 47.9 171.5c-26.2 3.8-36.7 36.1-17.7 54.6l105.7 103-25 145.5c-4.5 26.3 23.2 46 46.4 33.7L288 439.6l130.7 68.7c23.2 12.2 50.9-7.4 46.4-33.7l-25-145.5 105.7-103c19-18.5 8.5-50.8-17.7-54.6L382 150.2 316.7 17.8c-11.7-23.6-45.6-23.9-57.4 0z"
              transform=""
            />
          </svg>
        </label>
      </li>
      <li
        className="hub-rate-area"
      >
        <input
          id="4-star"
          name="rating"
          type="radio"
          value="4"
        />
        <label
          htmlFor="4-star"
        >
          <svg
            aria-hidden={true}
            aria-labelledby={null}
            fill="currentColor"
            height="1em"
            role="img"
            style={
              Object {
                "verticalAlign": "-0.125em",
              }
            }
            viewBox="0 0 576 512"
            width="1em"
          >
            <path
              d="M259.3 17.8L194 150.2 47.9 171.5c-26.2 3.8-36.7 36.1-17.7 54.6l105.7 103-25 145.5c-4.5 26.3 23.2 46 46.4 33.7L288 439.6l130.7 68.7c23.2 12.2 50.9-7.4 46.4-33.7l-25-145.5 105.7-103c19-18.5 8.5-50.8-17.7-54.6L382 150.2 316.7 17.8c-11.7-23.6-45.6-23.9-57.4 0z"
              transform=""
            />
          </svg>
        </label>
      </li>
    </ul>
  </form>
</div>
`;
