// Jest Snapshot v1, https://goo.gl/fbAQLP

exports[`Header should render the header component and find Search component 1`] = `
"<Provider>
   
  <BrowserRouter>
    <Router basename={[undefined]} location={{...}} navigationType=\\"POP\\" navigator={{...}}>
      <Memo(observerComponent)>
        <PageHeader logo={{...}} headerTools={{...}}>
          <header role={[undefined]} className=\\"pf-c-page__header\\">
            <div className=\\"pf-c-page__header-brand\\">
              <a className=\\"pf-c-page__header-brand-link\\">
                <Brand src=\\"logo.png\\" alt=\\"Tekton Hub Logo\\" onClick={[Function: homePage]}>
                  <img onClick={[Function: homePage]} className=\\"pf-c-brand\\" src=\\"logo.png\\" alt=\\"Tekton Hub Logo\\" />
                </Brand>
              </a>
            </div>
            <PageHeaderTools>
              <div className=\\"pf-c-page__header-tools\\">
                <Grid>
                  <div className=\\"pf-l-grid\\" style={[undefined]}>
                    <GridItem span={10}>
                      <div className=\\"pf-l-grid__item pf-m-10-col\\" style={[undefined]}>
                        <Memo(observerComponent)>
                          <TextInput type=\\"search\\" value=\\"\\" onChange={[Function: onSearchChange]} onKeyPress={[Function: onSearchKeyPress]} aria-label=\\"text input example\\" placeholder=\\"Search for resources...\\" spellCheck=\\"false\\" className=\\"hub-search\\">
                            <TextInputBase type=\\"search\\" value=\\"\\" onChange={[Function: onSearchChange]} onKeyPress={[Function: onSearchKeyPress]} aria-label=\\"text input example\\" placeholder=\\"Search for resources...\\" spellCheck=\\"false\\" className=\\"hub-search\\" innerRef={{...}} isRequired={false} validated=\\"default\\" isDisabled={false} isReadOnly={false} isIconSprite={false} isLeftTruncated={false} ouiaSafe={true}>
                              <input onKeyPress={[Function: onSearchKeyPress]} aria-label=\\"text input example\\" placeholder=\\"Search for resources...\\" spellCheck=\\"false\\" onFocus={[Function (anonymous)]} onBlur={[Function (anonymous)]} className=\\"pf-c-form-control hub-search\\" onChange={[Function (anonymous)]} type=\\"search\\" value=\\"\\" aria-invalid={false} required={false} disabled={false} readOnly={false} data-ouia-component-type=\\"PF4/TextInput\\" data-ouia-safe={true} data-ouia-component-id=\\"OUIA-Generated-TextInputBase-1\\" />
                            </TextInputBase>
                          </TextInput>
                        </Memo(observerComponent)>
                      </div>
                    </GridItem>
                    <GridItem span={1} onClick={[Function: onClick]} className=\\"hub-header-search-hint\\">
                      <div className=\\"pf-l-grid__item pf-m-1-col hub-header-search-hint\\" style={[undefined]} onClick={[Function: onClick]}>
                        <Icon id=\\"help\\" size=\\"sm\\" label=\\"search-tips\\">
                          <HelpIcon size=\\"sm\\" label=\\"search-tips\\" color=\\"currentColor\\" noVerticalAlign={false}>
                            <svg style={{...}} fill=\\"currentColor\\" height=\\"1em\\" width=\\"1em\\" viewBox=\\"0 0 1024 1024\\" aria-labelledby={{...}} aria-hidden={true} role=\\"img\\" label=\\"search-tips\\">
                              <path d=\\"M521.3,576 C627.5,576 713.7,502 713.7,413.7 C713.7,325.4 627.6,253.6 521.3,253.6 C366,253.6 334.5,337.7 329.2,407.2 C329.2,414.3 335.2,416 343.5,416 L445,416 C450.5,416 458,415.5 460.8,406.5 C460.8,362.6 582.9,357.1 582.9,413.6 C582.9,441.9 556.2,470.9 521.3,473 C486.4,475.1 447.3,479.8 447.3,521.7 L447.3,553.8 C447.3,570.8 456.1,576 472,576 C487.9,576 521.3,576 521.3,576 M575.3,751.3 L575.3,655.3 C575.313862,651.055109 573.620137,646.982962 570.6,644 C567.638831,640.947672 563.552355,639.247987 559.3,639.29884 L463.3,639.29884 C459.055109,639.286138 454.982962,640.979863 452,644 C448.947672,646.961169 447.247987,651.047645 447.29884,655.3 L447.29884,751.3 C447.286138,755.544891 448.979863,759.617038 452,762.6 C454.961169,765.652328 459.047645,767.352013 463.3,767.30116 L559.3,767.30116 C563.544891,767.313862 567.617038,765.620137 570.6,762.6 C573.659349,759.643612 575.360354,755.553963 575.3,751.3 M512,896 C300.2,896 128,723.9 128,512 C128,300.3 300.2,128 512,128 C723.8,128 896,300.2 896,512 C896,723.8 723.7,896 512,896 M512.1,0 C229.7,0 0,229.8 0,512 C0,794.2 229.8,1024 512.1,1024 C794.4,1024 1024,794.3 1024,512 C1024,229.7 794.4,0 512.1,0\\" />
                            </svg>
                          </HelpIcon>
                        </Icon>
                      </div>
                    </GridItem>
                  </div>
                </Grid>
                <Text style={{...}} component=\\"a\\" onClick={[Function: onClick]}>
                  <a data-ouia-component-type=\\"PF4/Text\\" data-ouia-safe={true} data-ouia-component-id=\\"OUIA-Generated-Text-1\\" style={{...}} onClick={[Function: onClick]} data-pf-content={true} className=\\"\\">
                    <span className=\\"hub-header-login\\">
                      <b>
                        Login
                      </b>
                    </span>
                  </a>
                </Text>
              </div>
            </PageHeaderTools>
          </header>
        </PageHeader>
        <Modal variant=\\"small\\" title=\\"Search tips:\\" isOpen={false} onClose={[Function: onClose]} className=\\"\\" titleIconVariant={{...}} titleLabel=\\"\\" aria-label=\\"\\" showClose={true} aria-describedby=\\"\\" aria-labelledby=\\"\\" id={[undefined]} actions={{...}} hasNoBodyWrapper={false} appendTo={[Function: appendTo]} ouiaSafe={true}>
          <Portal containerInfo={{...}}>
            <ModalContent variant=\\"small\\" isOpen={false} onClose={[Function: onClose]} className=\\"\\" showClose={true} id={[undefined]} actions={{...}} hasNoBodyWrapper={false} boxId=\\"pf-modal-part-0\\" labelId=\\"pf-modal-part-1\\" descriptorId=\\"pf-modal-part-2\\" title=\\"Search tips:\\" titleIconVariant={{...}} titleLabel=\\"\\" aria-label=\\"\\" aria-describedby=\\"\\" aria-labelledby=\\"\\" ouiaId=\\"OUIA-Generated-Modal-small-1\\" ouiaSafe={true} />
          </Portal>
        </Modal>
        <Modal variant=\\"small\\" title=\\"Tekton Hub\\" isOpen={false} onClose={[Function: onClose]} className=\\"hub-header-login__modal\\" aria-label=\\"login\\" titleIconVariant={{...}} titleLabel=\\"\\" showClose={true} aria-describedby=\\"\\" aria-labelledby=\\"\\" id={[undefined]} actions={{...}} hasNoBodyWrapper={false} appendTo={[Function: appendTo]} ouiaSafe={true}>
          <Portal containerInfo={{...}}>
            <ModalContent variant=\\"small\\" isOpen={false} onClose={[Function: onClose]} className=\\"hub-header-login__modal\\" showClose={true} id={[undefined]} actions={{...}} hasNoBodyWrapper={false} boxId=\\"pf-modal-part-1\\" labelId=\\"pf-modal-part-2\\" descriptorId=\\"pf-modal-part-3\\" title=\\"Tekton Hub\\" titleIconVariant={{...}} titleLabel=\\"\\" aria-label=\\"login\\" aria-describedby=\\"\\" aria-labelledby=\\"\\" ouiaId=\\"OUIA-Generated-Modal-small-2\\" ouiaSafe={true} />
          </Portal>
        </Modal>
      </Memo(observerComponent)>
    </Router>
  </BrowserRouter>
   
</Provider>"
`;
